------------------------------------------------------------
TimeQuest Timing Analyzer Summary
------------------------------------------------------------

Type  : Slow 1100mV 85C Model Setup 'clock'
Slack : -2.639
TNS   : -229.999

Type  : Slow 1100mV 85C Model Hold 'clock'
Slack : 0.281
TNS   : 0.000

Type  : Slow 1100mV 85C Model Recovery 'clock'
Slack : -0.122
TNS   : -0.446

Type  : Slow 1100mV 85C Model Removal 'clock'
Slack : 0.564
TNS   : 0.000

Type  : Slow 1100mV 85C Model Minimum Pulse Width 'clock'
Slack : -0.394
TNS   : -64.197

Type  : Slow 1100mV 0C Model Setup 'clock'
Slack : -2.659
TNS   : -220.877

Type  : Slow 1100mV 0C Model Hold 'clock'
Slack : 0.263
TNS   : 0.000

Type  : Slow 1100mV 0C Model Recovery 'clock'
Slack : -0.090
TNS   : -0.324

Type  : Slow 1100mV 0C Model Removal 'clock'
Slack : 0.520
TNS   : 0.000

Type  : Slow 1100mV 0C Model Minimum Pulse Width 'clock'
Slack : -0.394
TNS   : -68.193

Type  : Fast 1100mV 85C Model Setup 'clock'
Slack : -1.209
TNS   : -84.799

Type  : Fast 1100mV 85C Model Hold 'clock'
Slack : 0.165
TNS   : 0.000

Type  : Fast 1100mV 85C Model Recovery 'clock'
Slack : 0.358
TNS   : 0.000

Type  : Fast 1100mV 85C Model Removal 'clock'
Slack : 0.300
TNS   : 0.000

Type  : Fast 1100mV 85C Model Minimum Pulse Width 'clock'
Slack : -0.094
TNS   : -11.071

Type  : Fast 1100mV 0C Model Setup 'clock'
Slack : -1.013
TNS   : -66.846

Type  : Fast 1100mV 0C Model Hold 'clock'
Slack : 0.149
TNS   : 0.000

Type  : Fast 1100mV 0C Model Recovery 'clock'
Slack : 0.396
TNS   : 0.000

Type  : Fast 1100mV 0C Model Removal 'clock'
Slack : 0.270
TNS   : 0.000

Type  : Fast 1100mV 0C Model Minimum Pulse Width 'clock'
Slack : -0.093
TNS   : -10.868

------------------------------------------------------------
