------------------------------------------------------------
TimeQuest Timing Analyzer Summary
------------------------------------------------------------

Type  : Slow 1100mV 85C Model Setup 'clock'
Slack : -7.043
TNS   : -630.015

Type  : Slow 1100mV 85C Model Setup 'clockcounter:slclock|counter[19]'
Slack : -5.398
TNS   : -904.674

Type  : Slow 1100mV 85C Model Setup 'clockcounter:slclock|counter[6]'
Slack : -5.186
TNS   : -872.669

Type  : Slow 1100mV 85C Model Setup 'clockcounter:slclock|counter[2]'
Slack : -5.060
TNS   : -1000.706

Type  : Slow 1100mV 85C Model Setup 'VGA_IP_Top:VGA|hsync:hs|newline'
Slack : -2.003
TNS   : -43.083

Type  : Slow 1100mV 85C Model Setup 'VGA_IP_Top:VGA|hsync:hs|blank'
Slack : -1.727
TNS   : -28.401

Type  : Slow 1100mV 85C Model Hold 'clock'
Slack : -0.101
TNS   : -0.125

Type  : Slow 1100mV 85C Model Hold 'clockcounter:slclock|counter[19]'
Slack : -0.089
TNS   : -0.089

Type  : Slow 1100mV 85C Model Hold 'clockcounter:slclock|counter[6]'
Slack : -0.075
TNS   : -0.075

Type  : Slow 1100mV 85C Model Hold 'clockcounter:slclock|counter[2]'
Slack : 0.139
TNS   : 0.000

Type  : Slow 1100mV 85C Model Hold 'VGA_IP_Top:VGA|hsync:hs|blank'
Slack : 0.279
TNS   : 0.000

Type  : Slow 1100mV 85C Model Hold 'VGA_IP_Top:VGA|hsync:hs|newline'
Slack : 0.390
TNS   : 0.000

Type  : Slow 1100mV 85C Model Minimum Pulse Width 'clockcounter:slclock|counter[19]'
Slack : -2.174
TNS   : -412.645

Type  : Slow 1100mV 85C Model Minimum Pulse Width 'clockcounter:slclock|counter[2]'
Slack : -2.174
TNS   : -410.130

Type  : Slow 1100mV 85C Model Minimum Pulse Width 'clockcounter:slclock|counter[6]'
Slack : -2.174
TNS   : -377.648

Type  : Slow 1100mV 85C Model Minimum Pulse Width 'clock'
Slack : -2.174
TNS   : -278.839

Type  : Slow 1100mV 85C Model Minimum Pulse Width 'VGA_IP_Top:VGA|hsync:hs|newline'
Slack : -0.394
TNS   : -11.741

Type  : Slow 1100mV 85C Model Minimum Pulse Width 'VGA_IP_Top:VGA|hsync:hs|blank'
Slack : -0.394
TNS   : -10.180

Type  : Slow 1100mV 0C Model Setup 'clock'
Slack : -7.159
TNS   : -608.857

Type  : Slow 1100mV 0C Model Setup 'clockcounter:slclock|counter[19]'
Slack : -5.287
TNS   : -865.425

Type  : Slow 1100mV 0C Model Setup 'clockcounter:slclock|counter[2]'
Slack : -5.057
TNS   : -974.487

Type  : Slow 1100mV 0C Model Setup 'clockcounter:slclock|counter[6]'
Slack : -5.031
TNS   : -840.966

Type  : Slow 1100mV 0C Model Setup 'VGA_IP_Top:VGA|hsync:hs|newline'
Slack : -1.969
TNS   : -42.360

Type  : Slow 1100mV 0C Model Setup 'VGA_IP_Top:VGA|hsync:hs|blank'
Slack : -1.823
TNS   : -29.754

Type  : Slow 1100mV 0C Model Hold 'clock'
Slack : -0.336
TNS   : -1.289

Type  : Slow 1100mV 0C Model Hold 'clockcounter:slclock|counter[19]'
Slack : -0.165
TNS   : -0.644

Type  : Slow 1100mV 0C Model Hold 'clockcounter:slclock|counter[6]'
Slack : -0.067
TNS   : -0.067

Type  : Slow 1100mV 0C Model Hold 'clockcounter:slclock|counter[2]'
Slack : 0.046
TNS   : 0.000

Type  : Slow 1100mV 0C Model Hold 'VGA_IP_Top:VGA|hsync:hs|blank'
Slack : 0.282
TNS   : 0.000

Type  : Slow 1100mV 0C Model Hold 'VGA_IP_Top:VGA|hsync:hs|newline'
Slack : 0.384
TNS   : 0.000

Type  : Slow 1100mV 0C Model Minimum Pulse Width 'clockcounter:slclock|counter[19]'
Slack : -2.174
TNS   : -414.297

Type  : Slow 1100mV 0C Model Minimum Pulse Width 'clockcounter:slclock|counter[2]'
Slack : -2.174
TNS   : -411.086

Type  : Slow 1100mV 0C Model Minimum Pulse Width 'clockcounter:slclock|counter[6]'
Slack : -2.174
TNS   : -379.674

Type  : Slow 1100mV 0C Model Minimum Pulse Width 'clock'
Slack : -2.174
TNS   : -284.387

Type  : Slow 1100mV 0C Model Minimum Pulse Width 'VGA_IP_Top:VGA|hsync:hs|newline'
Slack : -0.394
TNS   : -11.484

Type  : Slow 1100mV 0C Model Minimum Pulse Width 'VGA_IP_Top:VGA|hsync:hs|blank'
Slack : -0.394
TNS   : -10.260

Type  : Fast 1100mV 85C Model Setup 'clock'
Slack : -3.923
TNS   : -330.704

Type  : Fast 1100mV 85C Model Setup 'clockcounter:slclock|counter[19]'
Slack : -3.243
TNS   : -531.603

Type  : Fast 1100mV 85C Model Setup 'clockcounter:slclock|counter[6]'
Slack : -3.169
TNS   : -520.457

Type  : Fast 1100mV 85C Model Setup 'clockcounter:slclock|counter[2]'
Slack : -3.015
TNS   : -573.316

Type  : Fast 1100mV 85C Model Setup 'VGA_IP_Top:VGA|hsync:hs|newline'
Slack : -0.827
TNS   : -17.838

Type  : Fast 1100mV 85C Model Setup 'VGA_IP_Top:VGA|hsync:hs|blank'
Slack : -0.645
TNS   : -10.049

Type  : Fast 1100mV 85C Model Hold 'clockcounter:slclock|counter[6]'
Slack : -0.131
TNS   : -1.095

Type  : Fast 1100mV 85C Model Hold 'clock'
Slack : -0.125
TNS   : -0.332

Type  : Fast 1100mV 85C Model Hold 'clockcounter:slclock|counter[19]'
Slack : -0.102
TNS   : -0.134

Type  : Fast 1100mV 85C Model Hold 'clockcounter:slclock|counter[2]'
Slack : 0.044
TNS   : 0.000

Type  : Fast 1100mV 85C Model Hold 'VGA_IP_Top:VGA|hsync:hs|blank'
Slack : 0.061
TNS   : 0.000

Type  : Fast 1100mV 85C Model Hold 'VGA_IP_Top:VGA|hsync:hs|newline'
Slack : 0.159
TNS   : 0.000

Type  : Fast 1100mV 85C Model Minimum Pulse Width 'clockcounter:slclock|counter[19]'
Slack : -2.174
TNS   : -307.615

Type  : Fast 1100mV 85C Model Minimum Pulse Width 'clockcounter:slclock|counter[2]'
Slack : -2.174
TNS   : -303.755

Type  : Fast 1100mV 85C Model Minimum Pulse Width 'clockcounter:slclock|counter[6]'
Slack : -2.174
TNS   : -299.271

Type  : Fast 1100mV 85C Model Minimum Pulse Width 'clock'
Slack : -2.174
TNS   : -202.177

Type  : Fast 1100mV 85C Model Minimum Pulse Width 'VGA_IP_Top:VGA|hsync:hs|newline'
Slack : 0.035
TNS   : 0.000

Type  : Fast 1100mV 85C Model Minimum Pulse Width 'VGA_IP_Top:VGA|hsync:hs|blank'
Slack : 0.146
TNS   : 0.000

Type  : Fast 1100mV 0C Model Setup 'clock'
Slack : -3.538
TNS   : -280.076

Type  : Fast 1100mV 0C Model Setup 'clockcounter:slclock|counter[19]'
Slack : -2.803
TNS   : -449.944

Type  : Fast 1100mV 0C Model Setup 'clockcounter:slclock|counter[6]'
Slack : -2.734
TNS   : -444.432

Type  : Fast 1100mV 0C Model Setup 'clockcounter:slclock|counter[2]'
Slack : -2.648
TNS   : -490.958

Type  : Fast 1100mV 0C Model Setup 'VGA_IP_Top:VGA|hsync:hs|newline'
Slack : -0.718
TNS   : -15.444

Type  : Fast 1100mV 0C Model Setup 'VGA_IP_Top:VGA|hsync:hs|blank'
Slack : -0.611
TNS   : -9.138

Type  : Fast 1100mV 0C Model Hold 'clock'
Slack : -0.267
TNS   : -0.839

Type  : Fast 1100mV 0C Model Hold 'clockcounter:slclock|counter[19]'
Slack : -0.160
TNS   : -2.425

Type  : Fast 1100mV 0C Model Hold 'clockcounter:slclock|counter[6]'
Slack : -0.156
TNS   : -2.257

Type  : Fast 1100mV 0C Model Hold 'clockcounter:slclock|counter[2]'
Slack : -0.030
TNS   : -0.480

Type  : Fast 1100mV 0C Model Hold 'VGA_IP_Top:VGA|hsync:hs|blank'
Slack : 0.004
TNS   : 0.000

Type  : Fast 1100mV 0C Model Hold 'VGA_IP_Top:VGA|hsync:hs|newline'
Slack : 0.138
TNS   : 0.000

Type  : Fast 1100mV 0C Model Minimum Pulse Width 'clockcounter:slclock|counter[19]'
Slack : -2.174
TNS   : -303.324

Type  : Fast 1100mV 0C Model Minimum Pulse Width 'clockcounter:slclock|counter[2]'
Slack : -2.174
TNS   : -300.441

Type  : Fast 1100mV 0C Model Minimum Pulse Width 'clockcounter:slclock|counter[6]'
Slack : -2.174
TNS   : -298.296

Type  : Fast 1100mV 0C Model Minimum Pulse Width 'clock'
Slack : -2.174
TNS   : -201.993

Type  : Fast 1100mV 0C Model Minimum Pulse Width 'VGA_IP_Top:VGA|hsync:hs|newline'
Slack : 0.062
TNS   : 0.000

Type  : Fast 1100mV 0C Model Minimum Pulse Width 'VGA_IP_Top:VGA|hsync:hs|blank'
Slack : 0.146
TNS   : 0.000

------------------------------------------------------------
