------------------------------------------------------------
TimeQuest Timing Analyzer Summary
------------------------------------------------------------

Type  : Slow 1100mV 85C Model Setup 'clock'
Slack : -7.171
TNS   : -721.874

Type  : Slow 1100mV 85C Model Setup 'slowerClock[2]'
Slack : -2.796
TNS   : -124.476

Type  : Slow 1100mV 85C Model Setup 'slowerClock[3]'
Slack : -2.795
TNS   : -210.375

Type  : Slow 1100mV 85C Model Setup 'VGA_IP_Top:VGA|hsync:hs|newline'
Slack : -1.965
TNS   : -42.506

Type  : Slow 1100mV 85C Model Setup 'VGA_IP_Top:VGA|hsync:hs|blank'
Slack : -1.639
TNS   : -26.997

Type  : Slow 1100mV 85C Model Hold 'clock'
Slack : -0.492
TNS   : -0.549

Type  : Slow 1100mV 85C Model Hold 'VGA_IP_Top:VGA|hsync:hs|blank'
Slack : 0.279
TNS   : 0.000

Type  : Slow 1100mV 85C Model Hold 'slowerClock[3]'
Slack : 0.282
TNS   : 0.000

Type  : Slow 1100mV 85C Model Hold 'VGA_IP_Top:VGA|hsync:hs|newline'
Slack : 0.384
TNS   : 0.000

Type  : Slow 1100mV 85C Model Hold 'slowerClock[2]'
Slack : 0.432
TNS   : 0.000

Type  : Slow 1100mV 85C Model Minimum Pulse Width 'clock'
Slack : -2.636
TNS   : -598.764

Type  : Slow 1100mV 85C Model Minimum Pulse Width 'slowerClock[3]'
Slack : -0.394
TNS   : -53.975

Type  : Slow 1100mV 85C Model Minimum Pulse Width 'slowerClock[2]'
Slack : -0.394
TNS   : -25.812

Type  : Slow 1100mV 85C Model Minimum Pulse Width 'VGA_IP_Top:VGA|hsync:hs|newline'
Slack : -0.394
TNS   : -11.570

Type  : Slow 1100mV 85C Model Minimum Pulse Width 'VGA_IP_Top:VGA|hsync:hs|blank'
Slack : -0.394
TNS   : -10.220

Type  : Slow 1100mV 0C Model Setup 'clock'
Slack : -7.210
TNS   : -667.039

Type  : Slow 1100mV 0C Model Setup 'slowerClock[2]'
Slack : -2.749
TNS   : -123.548

Type  : Slow 1100mV 0C Model Setup 'slowerClock[3]'
Slack : -2.707
TNS   : -204.334

Type  : Slow 1100mV 0C Model Setup 'VGA_IP_Top:VGA|hsync:hs|newline'
Slack : -1.935
TNS   : -41.929

Type  : Slow 1100mV 0C Model Setup 'VGA_IP_Top:VGA|hsync:hs|blank'
Slack : -1.751
TNS   : -28.614

Type  : Slow 1100mV 0C Model Hold 'clock'
Slack : -0.715
TNS   : -7.140

Type  : Slow 1100mV 0C Model Hold 'slowerClock[3]'
Slack : 0.281
TNS   : 0.000

Type  : Slow 1100mV 0C Model Hold 'VGA_IP_Top:VGA|hsync:hs|blank'
Slack : 0.282
TNS   : 0.000

Type  : Slow 1100mV 0C Model Hold 'VGA_IP_Top:VGA|hsync:hs|newline'
Slack : 0.381
TNS   : 0.000

Type  : Slow 1100mV 0C Model Hold 'slowerClock[2]'
Slack : 0.445
TNS   : 0.000

Type  : Slow 1100mV 0C Model Minimum Pulse Width 'clock'
Slack : -2.636
TNS   : -604.237

Type  : Slow 1100mV 0C Model Minimum Pulse Width 'slowerClock[3]'
Slack : -0.394
TNS   : -52.786

Type  : Slow 1100mV 0C Model Minimum Pulse Width 'slowerClock[2]'
Slack : -0.394
TNS   : -25.147

Type  : Slow 1100mV 0C Model Minimum Pulse Width 'VGA_IP_Top:VGA|hsync:hs|newline'
Slack : -0.394
TNS   : -11.405

Type  : Slow 1100mV 0C Model Minimum Pulse Width 'VGA_IP_Top:VGA|hsync:hs|blank'
Slack : -0.394
TNS   : -10.240

Type  : Fast 1100mV 85C Model Setup 'clock'
Slack : -3.996
TNS   : -377.293

Type  : Fast 1100mV 85C Model Setup 'slowerClock[2]'
Slack : -1.332
TNS   : -57.472

Type  : Fast 1100mV 85C Model Setup 'slowerClock[3]'
Slack : -1.306
TNS   : -95.827

Type  : Fast 1100mV 85C Model Setup 'VGA_IP_Top:VGA|hsync:hs|newline'
Slack : -0.804
TNS   : -17.357

Type  : Fast 1100mV 85C Model Setup 'VGA_IP_Top:VGA|hsync:hs|blank'
Slack : -0.636
TNS   : -9.990

Type  : Fast 1100mV 85C Model Hold 'clock'
Slack : -0.391
TNS   : -0.691

Type  : Fast 1100mV 85C Model Hold 'VGA_IP_Top:VGA|hsync:hs|blank'
Slack : 0.022
TNS   : 0.000

Type  : Fast 1100mV 85C Model Hold 'slowerClock[3]'
Slack : 0.137
TNS   : 0.000

Type  : Fast 1100mV 85C Model Hold 'VGA_IP_Top:VGA|hsync:hs|newline'
Slack : 0.155
TNS   : 0.000

Type  : Fast 1100mV 85C Model Hold 'slowerClock[2]'
Slack : 0.160
TNS   : 0.000

Type  : Fast 1100mV 85C Model Minimum Pulse Width 'clock'
Slack : -2.636
TNS   : -509.486

Type  : Fast 1100mV 85C Model Minimum Pulse Width 'slowerClock[3]'
Slack : 0.028
TNS   : 0.000

Type  : Fast 1100mV 85C Model Minimum Pulse Width 'slowerClock[2]'
Slack : 0.052
TNS   : 0.000

Type  : Fast 1100mV 85C Model Minimum Pulse Width 'VGA_IP_Top:VGA|hsync:hs|newline'
Slack : 0.123
TNS   : 0.000

Type  : Fast 1100mV 85C Model Minimum Pulse Width 'VGA_IP_Top:VGA|hsync:hs|blank'
Slack : 0.144
TNS   : 0.000

Type  : Fast 1100mV 0C Model Setup 'clock'
Slack : -3.663
TNS   : -297.114

Type  : Fast 1100mV 0C Model Setup 'slowerClock[2]'
Slack : -1.177
TNS   : -51.005

Type  : Fast 1100mV 0C Model Setup 'slowerClock[3]'
Slack : -1.127
TNS   : -82.963

Type  : Fast 1100mV 0C Model Setup 'VGA_IP_Top:VGA|hsync:hs|newline'
Slack : -0.699
TNS   : -15.085

Type  : Fast 1100mV 0C Model Setup 'VGA_IP_Top:VGA|hsync:hs|blank'
Slack : -0.596
TNS   : -8.882

Type  : Fast 1100mV 0C Model Hold 'clock'
Slack : -0.547
TNS   : -6.645

Type  : Fast 1100mV 0C Model Hold 'VGA_IP_Top:VGA|hsync:hs|blank'
Slack : -0.033
TNS   : -0.650

Type  : Fast 1100mV 0C Model Hold 'slowerClock[3]'
Slack : 0.116
TNS   : 0.000

Type  : Fast 1100mV 0C Model Hold 'VGA_IP_Top:VGA|hsync:hs|newline'
Slack : 0.135
TNS   : 0.000

Type  : Fast 1100mV 0C Model Hold 'slowerClock[2]'
Slack : 0.146
TNS   : 0.000

Type  : Fast 1100mV 0C Model Minimum Pulse Width 'clock'
Slack : -2.636
TNS   : -509.353

Type  : Fast 1100mV 0C Model Minimum Pulse Width 'slowerClock[3]'
Slack : 0.055
TNS   : 0.000

Type  : Fast 1100mV 0C Model Minimum Pulse Width 'slowerClock[2]'
Slack : 0.081
TNS   : 0.000

Type  : Fast 1100mV 0C Model Minimum Pulse Width 'VGA_IP_Top:VGA|hsync:hs|newline'
Slack : 0.131
TNS   : 0.000

Type  : Fast 1100mV 0C Model Minimum Pulse Width 'VGA_IP_Top:VGA|hsync:hs|blank'
Slack : 0.147
TNS   : 0.000

------------------------------------------------------------
