Flow report for FPGA_MiniProject
Tue Apr 30 09:50:59 2019
Quartus Prime Version 17.1.1 Internal Build 593 12/11/2017 SJ Standard Edition


---------------------
; Table of Contents ;
---------------------
  1. Legal Notice
  2. Flow Summary
  3. Flow Settings
  4. Flow Non-Default Global Settings
  5. Flow Elapsed Time
  6. Flow OS Summary
  7. Flow Log
  8. Flow Messages
  9. Flow Suppressed Messages



----------------
; Legal Notice ;
----------------
Copyright (C) 2017  Intel Corporation. All rights reserved.
Your use of Intel Corporation's design tools, logic functions 
and other software and tools, and its AMPP partner logic 
functions, and any output files from any of the foregoing 
(including device programming or simulation files), and any 
associated documentation or information are expressly subject 
to the terms and conditions of the Intel Program License 
Subscription Agreement, the Intel Quartus Prime License Agreement,
the Intel FPGA IP License Agreement, or other applicable license
agreement, including, without limitation, that your use is for
the sole purpose of programming logic devices manufactured by
Intel and sold by Intel or its authorized distributors.  Please
refer to the applicable agreement for further details.



+--------------------------------------------------------------------------------------------+
; Flow Summary                                                                               ;
+---------------------------------+----------------------------------------------------------+
; Flow Status                     ; Successful - Tue Apr 30 09:50:59 2019                    ;
; Quartus Prime Version           ; 17.1.1 Internal Build 593 12/11/2017 SJ Standard Edition ;
; Revision Name                   ; FPGA_MiniProject                                         ;
; Top-level Entity Name           ; FPGA_MiniProject                                         ;
; Family                          ; Cyclone V                                                ;
; Device                          ; 5CSEMA5F31C6                                             ;
; Timing Models                   ; Final                                                    ;
; Logic utilization (in ALMs)     ; 387 / 32,070 ( 1 % )                                     ;
; Total registers                 ; 501                                                      ;
; Total pins                      ; 91 / 457 ( 20 % )                                        ;
; Total virtual pins              ; 0                                                        ;
; Total block memory bits         ; 19,224 / 4,065,280 ( < 1 % )                             ;
; Total DSP Blocks                ; 0 / 87 ( 0 % )                                           ;
; Total HSSI RX PCSs              ; 0                                                        ;
; Total HSSI PMA RX Deserializers ; 0                                                        ;
; Total HSSI TX PCSs              ; 0                                                        ;
; Total HSSI PMA TX Serializers   ; 0                                                        ;
; Total PLLs                      ; 0 / 6 ( 0 % )                                            ;
; Total DLLs                      ; 0 / 4 ( 0 % )                                            ;
+---------------------------------+----------------------------------------------------------+


+-----------------------------------------+
; Flow Settings                           ;
+-------------------+---------------------+
; Option            ; Setting             ;
+-------------------+---------------------+
; Start date & time ; 04/30/2019 09:48:07 ;
; Main task         ; Compilation         ;
; Revision Name     ; FPGA_MiniProject    ;
+-------------------+---------------------+


+--------------------------------------------------------------------------------------------------------------------------------+
; Flow Non-Default Global Settings                                                                                               ;
+----------------------------------------+----------------------------------------+---------------+-------------+----------------+
; Assignment Name                        ; Value                                  ; Default Value ; Entity Name ; Section Id     ;
+----------------------------------------+----------------------------------------+---------------+-------------+----------------+
; COMPILER_SIGNATURE_ID                  ; 70465358162119.155661408606148         ; --            ; --          ; --             ;
; EDA_DESIGN_INSTANCE_NAME               ; NA                                     ; --            ; --          ; VGATest_tb     ;
; EDA_NATIVELINK_SIMULATION_SETUP_SCRIPT ; simulation/load_sim.tcl                ; --            ; --          ; eda_simulation ;
; EDA_NATIVELINK_SIMULATION_TEST_BENCH   ; VGATest_tb                             ; --            ; --          ; eda_simulation ;
; EDA_NETLIST_WRITER_OUTPUT_DIR          ; simulation                             ; --            ; --          ; eda_simulation ;
; EDA_OUTPUT_DATA_FORMAT                 ; Verilog Hdl                            ; --            ; --          ; eda_simulation ;
; EDA_SIMULATION_TOOL                    ; ModelSim-Altera (Verilog)              ; <None>        ; --          ; --             ;
; EDA_TEST_BENCH_ENABLE_STATUS           ; TEST_BENCH_MODE                        ; --            ; --          ; eda_simulation ;
; EDA_TEST_BENCH_FILE                    ; VGATB.v                                ; --            ; --          ; VGATest_tb     ;
; EDA_TEST_BENCH_MODULE_NAME             ; VGATest_tb                             ; --            ; --          ; VGATest_tb     ;
; EDA_TEST_BENCH_NAME                    ; VGATest_tb                             ; --            ; --          ; eda_simulation ;
; EDA_TIME_SCALE                         ; 1 ps                                   ; --            ; --          ; eda_simulation ;
; MAX_CORE_JUNCTION_TEMP                 ; 85                                     ; --            ; --          ; --             ;
; MIN_CORE_JUNCTION_TEMP                 ; 0                                      ; --            ; --          ; --             ;
; PARTITION_COLOR                        ; -- (Not supported for targeted family) ; --            ; --          ; Top            ;
; PARTITION_FITTER_PRESERVATION_LEVEL    ; -- (Not supported for targeted family) ; --            ; --          ; Top            ;
; PARTITION_NETLIST_TYPE                 ; -- (Not supported for targeted family) ; --            ; --          ; Top            ;
; POWER_BOARD_THERMAL_MODEL              ; None (CONSERVATIVE)                    ; --            ; --          ; --             ;
; POWER_PRESET_COOLING_SOLUTION          ; 23 MM HEAT SINK WITH 200 LFPM AIRFLOW  ; --            ; --          ; --             ;
; PROJECT_OUTPUT_DIRECTORY               ; output_files                           ; --            ; --          ; --             ;
+----------------------------------------+----------------------------------------+---------------+-------------+----------------+


+-------------------------------------------------------------------------------------------------------------------------------+
; Flow Elapsed Time                                                                                                             ;
+---------------------------+--------------+-------------------------+---------------------+------------------------------------+
; Module Name               ; Elapsed Time ; Average Processors Used ; Peak Virtual Memory ; Total CPU Time (on all processors) ;
+---------------------------+--------------+-------------------------+---------------------+------------------------------------+
; Analysis & Synthesis      ; 00:00:18     ; 1.0                     ; 706 MB              ; 00:00:27                           ;
; Fitter                    ; 00:01:55     ; 1.0                     ; 2556 MB             ; 00:02:13                           ;
; Assembler                 ; 00:00:12     ; 1.0                     ; 703 MB              ; 00:00:08                           ;
; TimeQuest Timing Analyzer ; 00:00:13     ; 1.3                     ; 1036 MB             ; 00:00:12                           ;
; EDA Netlist Writer        ; 00:00:03     ; 1.0                     ; 620 MB              ; 00:00:02                           ;
; Total                     ; 00:02:41     ; --                      ; --                  ; 00:03:02                           ;
+---------------------------+--------------+-------------------------+---------------------+------------------------------------+


+----------------------------------------------------------------------------------------+
; Flow OS Summary                                                                        ;
+---------------------------+------------------+-----------+------------+----------------+
; Module Name               ; Machine Hostname ; OS Name   ; OS Version ; Processor type ;
+---------------------------+------------------+-----------+------------+----------------+
; Analysis & Synthesis      ; EENTPC147        ; Windows 7 ; 6.1        ; x86_64         ;
; Fitter                    ; EENTPC147        ; Windows 7 ; 6.1        ; x86_64         ;
; Assembler                 ; EENTPC147        ; Windows 7 ; 6.1        ; x86_64         ;
; TimeQuest Timing Analyzer ; EENTPC147        ; Windows 7 ; 6.1        ; x86_64         ;
; EDA Netlist Writer        ; EENTPC147        ; Windows 7 ; 6.1        ; x86_64         ;
+---------------------------+------------------+-----------+------------+----------------+


------------
; Flow Log ;
------------
quartus_map --read_settings_files=on --write_settings_files=off FPGA_MiniProject -c FPGA_MiniProject
quartus_fit --read_settings_files=off --write_settings_files=off FPGA_MiniProject -c FPGA_MiniProject
quartus_asm --read_settings_files=off --write_settings_files=off FPGA_MiniProject -c FPGA_MiniProject
quartus_sta FPGA_MiniProject -c FPGA_MiniProject
quartus_eda --read_settings_files=off --write_settings_files=off FPGA_MiniProject -c FPGA_MiniProject



