Info: Starting: Create simulation model
Info: qsys-generate D:\FPGA_MiniProject\ADA.qsys --simulation=VERILOG --allow-mixed-language-simulation --output-directory=D:\FPGA_MiniProject\ADA\simulation --family="Cyclone V" --part=5CSEMA5F31C6
Progress: Loading FPGA_MiniProject/ADA.qsys
Progress: Reading input file
Progress: Adding adc_mega_0 [altera_up_avalon_adc_mega 17.1]
Progress: Parameterizing module adc_mega_0
Progress: Building connections
Progress: Parameterizing connections
Progress: Validating
Progress: Done reading input file
Info: ADA: Generating ADA "ADA" for SIM_VERILOG
Info: adc_mega_0: Starting Generation of ADC Controller for DE-series Board
Info: adc_mega_0: C:/intelfpga_lite/17.1/ip/altera/university_program/input_output/altera_up_avalon_adc/hdl/altera_up_avalon_adv_adc.v C:/Users/thesk/AppData/Local/Temp/alt8009_2173491040228099976.dir/0002_sopcgen/ADA_adc_mega_0.v
Warning: adc_mega_0: Generation callback did not provide a top level file.  Found ADA_adc_mega_0.v in output directory - callback must `add_file $output_dir/ADA_adc_mega_0.v {SIMULATION SYNTHESIS}`
Info: adc_mega_0: "ADA" instantiated altera_up_avalon_adc_mega "adc_mega_0"
Info: ADA: Done "ADA" with 2 modules, 3 files
Info: qsys-generate succeeded.
Info: Finished: Create simulation model
Info: Starting: Create Modelsim Project.
Info: sim-script-gen --spd=D:\FPGA_MiniProject\ADA\ADA.spd --output-directory=D:/FPGA_MiniProject/ADA/simulation/ --use-relative-paths=true
Info: Doing: ip-make-simscript --spd=D:\FPGA_MiniProject\ADA\ADA.spd --output-directory=D:/FPGA_MiniProject/ADA/simulation/ --use-relative-paths=true
Info: Generating the following file(s) for MODELSIM simulator in D:/FPGA_MiniProject/ADA/simulation/ directory:
Info: 	mentor/msim_setup.tcl
Info: Generating the following file(s) for VCS simulator in D:/FPGA_MiniProject/ADA/simulation/ directory:
Info: 	synopsys/vcs/vcs_setup.sh
Info: Generating the following file(s) for VCSMX simulator in D:/FPGA_MiniProject/ADA/simulation/ directory:
Info: 	synopsys/vcsmx/synopsys_sim.setup
Info: 	synopsys/vcsmx/vcsmx_setup.sh
Info: Generating the following file(s) for NCSIM simulator in D:/FPGA_MiniProject/ADA/simulation/ directory:
Info: 	cadence/cds.lib
Info: 	cadence/hdl.var
Info: 	cadence/ncsim_setup.sh
Info: 	1 .cds.lib files in cadence/cds_libs/ directory
Info: Generating the following file(s) for RIVIERA simulator in D:/FPGA_MiniProject/ADA/simulation/ directory:
Info: 	aldec/rivierapro_setup.tcl
Info: For information on how to simulate your IP, see the explanatory comments in the simulator-specific subdirectories under D:/FPGA_MiniProject/ADA/simulation/.
Info: Regenerate these scripts whenever you make any change to any Quartus-generated IP in your project.
Info: Finished: Create Modelsim Project.
Info: Starting: Create block symbol file (.bsf)
Info: qsys-generate D:\FPGA_MiniProject\ADA.qsys --block-symbol-file --output-directory=D:\FPGA_MiniProject\ADA --family="Cyclone V" --part=5CSEMA5F31C6
Progress: Loading FPGA_MiniProject/ADA.qsys
Progress: Reading input file
Progress: Adding adc_mega_0 [altera_up_avalon_adc_mega 17.1]
Progress: Parameterizing module adc_mega_0
Progress: Building connections
Progress: Parameterizing connections
Progress: Validating
Progress: Done reading input file
Info: qsys-generate succeeded.
Info: Finished: Create block symbol file (.bsf)
Info: 
Info: Starting: Create HDL design files for synthesis
Info: qsys-generate D:\FPGA_MiniProject\ADA.qsys --synthesis=VERILOG --output-directory=D:\FPGA_MiniProject\ADA\synthesis --family="Cyclone V" --part=5CSEMA5F31C6
Progress: Loading FPGA_MiniProject/ADA.qsys
Progress: Reading input file
Progress: Adding adc_mega_0 [altera_up_avalon_adc_mega 17.1]
Progress: Parameterizing module adc_mega_0
Progress: Building connections
Progress: Parameterizing connections
Progress: Validating
Progress: Done reading input file
Info: ADA: Generating ADA "ADA" for QUARTUS_SYNTH
Info: adc_mega_0: Starting Generation of ADC Controller for DE-series Board
Info: adc_mega_0: C:/intelfpga_lite/17.1/ip/altera/university_program/input_output/altera_up_avalon_adc/hdl/altera_up_avalon_adv_adc.v C:/Users/thesk/AppData/Local/Temp/alt8009_2173491040228099976.dir/0006_sopcgen/ADA_adc_mega_0.v
Info: adc_mega_0: "ADA" instantiated altera_up_avalon_adc_mega "adc_mega_0"
Info: ADA: Done "ADA" with 2 modules, 3 files
Info: qsys-generate succeeded.
Info: Finished: Create HDL design files for synthesis
